<html>
<body>
<pre>
<h1>µVision Build Log</h1>
<h2>Tool Versions:</h2>
IDE-Version: µVision V5.16a
Copyright (C) 2015 ARM Ltd and ARM Germany GmbH. All rights reserved.
License Information: Umair Ahmed, UET, LIC=----
 
Tool Versions:
Toolchain:       MDK-Lite  Version: 5.16a
Toolchain Path:  E:\Keil_v5\ARM\ARMCC\Bin
C Compiler:      Armcc.exe V5.06 (build 20)
Assembler:       Armasm.exe V5.06 (build 20)
Linker/Locator:  ArmLink.exe V5.06 (build 20)
Library Manager: ArmAr.exe V5.06 (build 20)
Hex Converter:   FromElf.exe V5.06 (build 20)
CPU DLL:         SARMCM3.DLL V5.16a
Dialog DLL:      DCM.DLL V1.13.2.0
Target DLL:      STLink\ST-LINKIII-KEIL_SWO.dll V2.0.17.0
Dialog DLL:      TCM.DLL V1.14.5.0
 
<h2>Project:</h2>
E:\PROJECTS\UARTConsole\STM32F3-Skeleton\MyProject\TemplateProject.uvprojx
Project File Date:  05/07/2016

<h2>Output:</h2>
*** Using Compiler 'V5.06 (build 20)', folder: 'E:\Keil_v5\ARM\ARMCC\Bin'
Build target 'Target 1'
compiling main.c...
User\main.c(23): warning:  #188-D: enumerated type mixed with another type
  	STM_EVAL_LEDInit(i);
User\main.c(94): warning:  #188-D: enumerated type mixed with another type
  			STM_EVAL_LEDToggle (intToReceive);
User\main.c: 2 warnings, 0 errors
linking...
Program Size: Code=2272 RO-data=484 RW-data=168 ZI-data=1696  
".\Objects\TemplateProject.axf" - 0 Error(s), 2 Warning(s).

<h2>Collection of Component include folders:</h2>
  E:\PROJECTS\UARTConsole\STM32F3-Skeleton\MyProject\RTE
  E:\Keil_v5\ARM\PACK\Keil\STM32F3xx_DFP\1.3.0\Device\Include

<h2>Collection of Component Files used:</h2>
Build Time Elapsed:  00:00:01
</pre>
</body>
</html>
